// Jest Snapshot v1, https://goo.gl/fbAQLP

exports[`renders homepage unchanged 1`] = `
<div>
  <div
    class="sc-hLBbgP SYDHS"
  >
    <h1>
      Todo
    </h1>
    <form
      class="sc-eDvSVe gfFllJ"
    >
      <input
        class="sc-jSUZER bCcLhL"
        maxlength="20"
        placeholder="할 일을 입력하세요"
        type="text"
      />
      <button
        class="sc-gKPRtg iiUpCa"
        type="submit"
      >
        제출
      </button>
    </form>
    <div>
      <ul
        class="sc-dkrFOg kUOoFB"
      >
        <li
          class="sc-bcXHqe iYOTpE"
        >
          <input
            checked=""
            type="checkbox"
          />
           
          <label>
            test입력값
          </label>
           
          <button
            class="sc-gswNZR daqJQH"
          >
            🗑️
          </button>
        </li>
        <li
          class="sc-bcXHqe gKWKAa"
        >
          <input
            type="checkbox"
          />
           
          <label>
            test입력값2
          </label>
           
          <button
            class="sc-gswNZR daqJQH"
          >
            🗑️
          </button>
        </li>
      </ul>
    </div>
  </div>
</div>
`;
